
> knowledge-graph@0.1.0 build
> next build

node.exe : ΓÜá Warning: Next.js 
inferred your workspace root, but 
it may not be correct.
At line:1 char:1
+ & "C:\Program 
Files\nodejs/node.exe" "C:\Program 
Files\nodejs/node_mo ...
+ ~~~~~~~~~~~~~~~~~~~~~~~~~~~~~~~~~
~~~~~~~~~~~~~~~~~~~~~~~~~~~~~~~~~~~
~
    + CategoryInfo          : NotS 
   pecified: (ΓÜá Warning: Ne...n  
  ot be correct.:String) [], Rem   
 oteException
    + FullyQualifiedErrorId : Nati 
   veCommandError
 
 We detected multiple lockfiles 
and selected the directory of 
C:\Users\blazi\package-lock.json 
as the root directory.
 To silence this warning, set 
`turbopack.root` in your Next.js 
config, or consider removing one 
of the lockfiles if it's not 
needed.
   See https://nextjs.org/docs/app/
api-reference/config/next-config-js
/turbopack#root-directory for more 
information.
 Detected additional lockfiles: 
   * 
C:\Users\blazi\Downloads\Knowledge 
graph\package-lock.json

Γû▓ Next.js 16.2.2 (Turbopack)
- Environments: .env.local, .env

  Creating an optimized production build ...
Γ£ô Compiled successfully in 3.4s
  Running TypeScript ...
Failed to type check.

./test-script.ts:2:39
Type error: An import path can 
only end with a '.ts' extension 
when 'allowImportingTsExtensions' 
is enabled.

  [90m1 |[0m [36mimport[0m { 
[33mPrismaClient[0m } 
[36mfrom[0m 
[32m'@prisma/client'[0m;
[31m[1m>[0m [90m2 |[0m 
[36mimport[0m { 
generateGraphFromText } 
[36mfrom[0m 
[32m'./src/lib/ai.ts'[0m;
  [90m  |[0m                     
                  [31m[1m^[0m
  [90m3 |[0m
  [90m4 |[0m [36mconst[0m 
prisma = [36mnew[0m 
[33mPrismaClient[0m();
  [90m5 |[0m
Next.js build worker exited with 
code: 1 and signal: null
